{
  "version": "1.5.0",
  "plugins_used": [
    {"name": "ArtifactoryDetector"},
    {"name": "AWSKeyDetector"},
    {"name": "AzureStorageKeyDetector"},
    {"name": "Base64HighEntropyString"},
    {"name": "BasicAuthDetector"},
    {"name": "CloudantDetector"},
    {"name": "DiscordBotTokenDetector"},
    {"name": "GitHubTokenDetector"},
    {"name": "HexHighEntropyString"},
    {"name": "IbmCloudIamDetector"},
    {"name": "IbmCosHmacDetector"},
    {"name": "JwtTokenDetector"},
    {"name": "KeywordDetector"},
    {"name": "MailchimpDetector"},
    {"name": "NpmDetector"},
    {"name": "PrivateKeyDetector"},
    {"name": "SendGridDetector"},
    {"name": "SlackDetector"},
    {"name": "SoftlayerDetector"},
    {"name": "StripeDetector"},
    {"name": "TwilioKeyDetector"}
  ],
  "filters": {
    "detect_secrets.filters.allowlist": {
      "files": [
        "tests/test_import_paths_regression.py",
        "tests/test_regression_guards.py"
      ],
      "lines": [
        "password\\s*=\\s*[\\\"\\'][^\\\"\\']+[\\\"\\']"
      ]
    }
  },
  "results": {},
  "generated_at": "2026-08-11T00:00:00Z"
}
